******************************************************************************
              TMS320C55x Linker PC v4.4.1                      
******************************************************************************
>> Linked Wed May 27 10:47:41 2020

OUTPUT FILE NAME:   <Generatory.out>
ENTRY POINT SYMBOL: "_c_int00"  address: 00021732


MEMORY CONFIGURATION

         name            origin    length      used     unused   attr    fill
                        (bytes)   (bytes)    (bytes)   (bytes)
----------------------  --------  ---------  --------  --------  ----  --------
PAGE 0:
  MMR                   00000000   000000c0  00000000  000000c0  RWIX
  DARAM0                000000c0   0000ff40  00007f6a  00007fd6  RWIX
  SARAM0                00010000   00010000  00000000  00010000  RWIX
  SARAM1                00020000   00020000  000017ef  0001e811  RWIX
  SARAM2                00040000   0000fe00  000000ee  0000fd12  RWIX
  VECS                  0004fe00   00000200  00000100  00000100  RWIX
  PDROM                 00ff8000   00008000  00000000  00008000  R IX

PAGE 2:
  IOPORT                00000000   00020000  00000000  00020000  RWI 


SECTION ALLOCATION MAP
(Addresses surrounded by []'s are displayed for convenience only!)

output                                                          attributes/
section   page  orgn(bytes) orgn(words) len(bytes) len(words)   input sections
--------  ----  ----------- ----------- ---------- ----------   --------------
.pinit       0   [ 00040000 ]  00020000          *   00000000   UNINITIALIZED

.stack       0   [ 000000c0 ]  00000060          *   00001000   UNINITIALIZED
                 [ 000000c0 ]  00000060          *   00001000   --HOLE--

.data        0   [ 000000c0 ]  00000060          *   00000000   UNINITIALIZED

.sysstack 
*            0   [ 000020c0 ]  00001060          *   00000800   UNINITIALIZED
                 [ 000020c0 ]  00001060          *   00000800   --HOLE--

.bss         0   [ 000030c0 ]  00001860          *   00002759   UNINITIALIZED
                 [ 000030c0 ]  00001860          *   00002716   main.obj (.bss)
                 [ 00007eec ]  00003f76          *   0000003a   rts55x.lib : pow.obj (.bss)
                 [ 00007f60 ]  00003fb0          *   00000004              : _lock.obj (.bss)
                 [ 00007f68 ]  00003fb4          *   00000004              : exit.obj (.bss)
                 [ 00007f70 ]  00003fb8          *   00000001              : errno.obj (.bss)

.const       0   [ 00007f74 ]  00003fba          *   0000005c   
                 [ 00007f74 ]  00003fba          *   0000001c   rts55x.lib : pow.obj (.const)
                 [ 00007fac ]  00003fd6          *   00000012   main.obj (.const)
                 [ 00007fd0 ]  00003fe8          *   0000000a   rts55x.lib : ldexp.obj (.const)
                 [ 00007fe4 ]  00003ff2          *   00000008              : divd.obj (.const:_initial_approx$1)
                 [ 00007ff4 ]  00003ffa          *   00000008              : frexp.obj (.const)
                 [ 00008004 ]  00004002          *   00000008              : round.obj (.const)
                 [ 00008014 ]  0000400a          *   00000006              : modf.obj (.const)
                 [ 00008020 ]  00004010          *   00000004              : trunc.obj (.const)
                 [ 00008028 ]  00004014          *   00000002              : fltlid.obj (.const)

.text        0     00020000  [ 00010000 ] 000017ef          *   
                   00020000  [ 00010000 ] 000005a6          *   rts55x.lib : pow.obj (.text)
                   000205a6  [ 000102d3 ] 000003cc          *              : divd.obj (.text)
                   00020972  [ 000104b9 ] 0000027e          *   main.obj (.text)
                   00020bf0  [ 000105f8 ] 0000025a          *   rts55x.lib : addd.obj (.text)
                   00020e4a  [ 00010725 ] 000001ea          *              : cmpd.obj (.text)
                   00021034  [ 0001081a ] 0000014c          *              : mpyd.obj (.text)
                   00021180  [ 000108c0 ] 000000f2          *              : ldexp.obj (.text)
                   00021272  [ 00010939 ] 000000cc          *              : frexp.obj (.text)
                   0002133e  [ 0001099f ] 000000bf          *              : modf.obj (.text)
                   000213fd  [ 000109fe+] 00000076          *              : frcmpyd.obj (.text)
                   00021473  [ 00010a39+] 00000073          *              : frcmpyd_div.obj (.text)
                   000214e6  [ 00010a73 ] 0000006f          *              : fixdli.obj (.text)
                   00021555  [ 00010aaa+] 00000067          *              : fltlid.obj (.text)
                   000215bc  [ 00010ade ] 0000005f          *              : round.obj (.text)
                   0002161b  [ 00010b0d+] 0000004d          *              : autoinit.obj (.text)
                   00021668  [ 00010b34 ] 0000004b          *              : args_main.obj (.text)
                   000216b3  [ 00010b59+] 00000041          *              : trunc.obj (.text)
                   000216f4  [ 00010b7a ] 0000003e          *              : exit.obj (.text)
                   00021732  [ 00010b99 ] 00000034          *              : boot.obj (.text)
                   00021766  [ 00010bb3 ] 0000002a          *              : fixdi.obj (.text)
                   00021790  [ 00010bc8 ] 00000014          *              : subd.obj (.text)
                   000217a4  [ 00010bd2 ] 00000013          *              : lmpy.obj (.text)
                   000217b7  [ 00010bdb+] 00000012          *              : _lock.obj (.text)
                   000217c9  [ 00010be4+] 00000010          *              : negd.obj (.text)
                   000217d9  [ 00010bec+] 0000000c          *              : fltid.obj (.text)
                   000217e5  [ 00010bf2+] 00000007          *              : exit.obj (.text:CIO_breakpoint)
                   000217ec  [ 00010bf6 ] 00000002          *              : vectors.obj (.text)
                   000217ee  [ 00010bf7 ] 00000001          *   --HOLE-- [fill = 20]

.cinit       0   [ 00040000 ]  00020000          *   00000077   
                 [ 00040000 ]  00020000          *   00000046   rts55x.lib : pow.obj (.cinit)
                 [ 0004008c ]  00020046          *   00000018   main.obj (.cinit)
                 [ 000400bc ]  0002005e          *   0000000a   rts55x.lib : _lock.obj (.cinit)
                 [ 000400d0 ]  00020068          *   0000000a              : exit.obj (.cinit)
                 [ 000400e4 ]  00020072          *   00000004              : errno.obj (.cinit)
                 [ 000400ec ]  00020076          *   00000001   --HOLE-- [fill = 0]

vectors      0     0004fe00  [ 00027f00 ] 00000100          *   
                   0004fe00  [ 00027f00 ] 00000100          *   rts55x.lib : vectors.obj (vectors)


GLOBAL SYMBOLS: SORTED ALPHABETICALLY BY Name 

abs. value/
byte addr   word addr   name
---------   ---------   ----
00000002                $TI_capability$C5500$CallingConvention
00000002                $TI_capability$C5500$MemoryModel
00000001                $TI_capability_requires_rev3
ffffffff                .bss
ffffffff                .data
ffffffff                .text
000217e6                C$$EXIT
000217a4                I$$LMPY
0004fe00                _Reset
            00001060    __STACK_END
00002000                __STACK_SIZE
00001000                __SYSSTACK_SIZE
00000001                __TI_args_main
ffffffff                ___binit__
ffffffff                ___bss__
ffffffff                ___c_args__
            00020000    ___cinit__
ffffffff                ___data__
ffffffff                ___edata__
ffffffff                ___end__
ffffffff                ___etext__
ffffffff                ___pinit__
ffffffff                ___text__
00020bf0                __addd
00021668                __args_main
            00003fb4    __cleanup_ptr
00020fdc                __cmpd
000205a6                __divd
            00003fb6    __dtors_ptr
00020fa8                __eqld
00021766                __fixdi
000214e6                __fixdli
000217d9                __fltid
00021555                __fltlid
000213fd                __frcmpyd
00021473                __frcmpyd_div
00020f5e                __geqd
00020f13                __gtrd
00020ec6                __leqd
            00003fb0    __lock
00020e7e                __lssd
00021034                __mpyd
000217a4                __mpyli
000217c9                __negd
00020e4a                __neqd
000217c7                __nop
000215bc                __nround
000217bf                __register_lock
000217b7                __register_unlock
            00000060    __stack
00021790                __subd
            00001060    __sysstack
000216b3                __trunc
            00003fb2    __unlock
000217e5                _abort
0002161b                _auto_init
00021732                _c_int00
            00003f70    _d
            00003fb8    _errno
000216f4                _exit
00021272                _frexp
00021180                _ldexp
00020bee                _main
0002133e                _modf
00020000                _pow
000209b3                _rect
            00001860    _samples
00020972                _saw
00020a55                _sint
            00002be8    _sinus_samp
00020a0a                _tri
ffffffff                binit
            00020000    cinit
ffffffff                edata
ffffffff                end
ffffffff                etext
ffffffff                pinit


GLOBAL SYMBOLS: SORTED BY Symbol Address 

abs. value/
byte addr   word addr   name
---------   ---------   ----
00000001                $TI_capability_requires_rev3
00000001                __TI_args_main
00000002                $TI_capability$C5500$CallingConvention
00000002                $TI_capability$C5500$MemoryModel
            00000060    __stack
00001000                __SYSSTACK_SIZE
00002000                __STACK_SIZE
            00001060    __STACK_END
            00001060    __sysstack
            00001860    _samples
            00002be8    _sinus_samp
            00003f70    _d
            00003fb0    __lock
            00003fb2    __unlock
            00003fb4    __cleanup_ptr
            00003fb6    __dtors_ptr
            00003fb8    _errno
00020000                _pow
000205a6                __divd
00020972                _saw
000209b3                _rect
00020a0a                _tri
00020a55                _sint
00020bee                _main
00020bf0                __addd
00020e4a                __neqd
00020e7e                __lssd
00020ec6                __leqd
00020f13                __gtrd
00020f5e                __geqd
00020fa8                __eqld
00020fdc                __cmpd
00021034                __mpyd
00021180                _ldexp
00021272                _frexp
0002133e                _modf
000213fd                __frcmpyd
00021473                __frcmpyd_div
000214e6                __fixdli
00021555                __fltlid
000215bc                __nround
0002161b                _auto_init
00021668                __args_main
000216b3                __trunc
000216f4                _exit
00021732                _c_int00
00021766                __fixdi
00021790                __subd
000217a4                I$$LMPY
000217a4                __mpyli
000217b7                __register_unlock
000217bf                __register_lock
000217c7                __nop
000217c9                __negd
000217d9                __fltid
000217e5                _abort
000217e6                C$$EXIT
            00020000    ___cinit__
            00020000    cinit
0004fe00                _Reset
ffffffff                .bss
ffffffff                .data
ffffffff                .text
ffffffff                ___binit__
ffffffff                ___bss__
ffffffff                ___c_args__
ffffffff                ___data__
ffffffff                ___edata__
ffffffff                ___end__
ffffffff                ___etext__
ffffffff                ___pinit__
ffffffff                ___text__
ffffffff                binit
ffffffff                edata
ffffffff                end
ffffffff                etext
ffffffff                pinit

[77 symbols]
