******************************************************************************
              TMS320C55x Linker PC v4.4.1                      
******************************************************************************
>> Linked Thu May 28 18:46:49 2020

OUTPUT FILE NAME:   <Analiza_widmowa.out>
ENTRY POINT SYMBOL: "_c_int00"  address: 00020355


MEMORY CONFIGURATION

         name            origin    length      used     unused   attr    fill
                        (bytes)   (bytes)    (bytes)   (bytes)
----------------------  --------  ---------  --------  --------  ----  --------
PAGE 0:
  MMR                   00000000   000000c0  00000000  000000c0  RWIX
  DARAM0                000000c0   0000ff40  00006432  00009b0e  RWIX
  SARAM0                00010000   00010000  00000000  00010000  RWIX
  SARAM1                00020000   00020000  000003a5  0001fc5b  RWIX
  SARAM2                00040000   0000fe00  0000002a  0000fdd6  RWIX
  VECS                  0004fe00   00000200  00000100  00000100  RWIX
  PDROM                 00ff8000   00008000  00000000  00008000  R IX

PAGE 2:
  IOPORT                00000000   00020000  00000000  00020000  RWI 


SECTION ALLOCATION MAP
(Addresses surrounded by []'s are displayed for convenience only!)

output                                                          attributes/
section   page  orgn(bytes) orgn(words) len(bytes) len(words)   input sections
--------  ----  ----------- ----------- ---------- ----------   --------------
.pinit       0   [ 00040000 ]  00020000          *   00000000   UNINITIALIZED

.stack       0   [ 000000c0 ]  00000060          *   00001000   UNINITIALIZED
                 [ 000000c0 ]  00000060          *   00001000   --HOLE--

.data        0   [ 000000c0 ]  00000060          *   00000000   UNINITIALIZED

.sysstack 
*            0   [ 000020c0 ]  00001060          *   00000800   UNINITIALIZED
                 [ 000020c0 ]  00001060          *   00000800   --HOLE--

.bss.1       0   [ 000030c0 ]  00001860          *   00001201   UNINITIALIZED
                 [ 000030c0 ]  00001860          *   00001201   main.obj (.bss)

.bss.2       0   [ 000054c4 ]  00002a62          *   00000008   UNINITIALIZED
                 [ 000054c4 ]  00002a62          *   00000004   rts55x.lib : _lock.obj (.bss)
                 [ 000054cc ]  00002a66          *   00000004              : exit.obj (.bss)

.const       0   [ 00005500 ]  00002a80          *   00000810   
                 [ 00005500 ]  00002a80          *   00000800   main.obj (.const:_hamming)
                 [ 00006500 ]  00003280          *   00000010   55xdspx_r3.lib : sqrtv.obj (.const)

.text        0     00020000  [ 00010000 ] 000003a5          *   
                   00020000  [ 00010000 ] 0000021c          *   main.obj (.text)
                   0002021c  [ 0001010e ] 00000063          *   55xdspx_r3.lib : sqrtv.obj (.text)
                   0002027f  [ 0001013f+] 0000004d          *   rts55x.lib : autoinit.obj (.text)
                   000202cc  [ 00010166 ] 0000004b          *              : args_main.obj (.text)
                   00020317  [ 0001018b+] 0000003e          *              : exit.obj (.text)
                   00020355  [ 000101aa+] 00000034          *              : boot.obj (.text)
                   00020389  [ 000101c4+] 00000012          *              : _lock.obj (.text)
                   0002039b  [ 000101cd+] 00000007          *              : exit.obj (.text:CIO_breakpoint)
                   000203a2  [ 000101d1 ] 00000002          *              : vectors.obj (.text)
                   000203a4  [ 000101d2 ] 00000001          *   --HOLE-- [fill = 20]

.cinit       0   [ 00040000 ]  00020000          *   00000015   
                 [ 00040000 ]  00020000          *   0000000a   rts55x.lib : _lock.obj (.cinit)
                 [ 00040014 ]  0002000a          *   0000000a              : exit.obj (.cinit)
                 [ 00040028 ]  00020014          *   00000001   --HOLE-- [fill = 0]

vectors      0     0004fe00  [ 00027f00 ] 00000100          *   
                   0004fe00  [ 00027f00 ] 00000100          *   rts55x.lib : vectors.obj (vectors)


GLOBAL SYMBOLS: SORTED ALPHABETICALLY BY Name 

abs. value/
byte addr   word addr   name
---------   ---------   ----
00000002                $TI_capability$C5500$CallingConvention
00000002                $TI_capability$C5500$MemoryModel
00000001                $TI_capability_requires_rev3
ffffffff                .bss
ffffffff                .data
ffffffff                .text
0002039c                C$$EXIT
            00003280    SqrtTable
0004fe00                _Reset
            00001060    __STACK_END
00002000                __STACK_SIZE
00001000                __SYSSTACK_SIZE
00000001                __TI_args_main
ffffffff                ___binit__
ffffffff                ___bss__
ffffffff                ___c_args__
            00020000    ___cinit__
ffffffff                ___data__
ffffffff                ___edata__
ffffffff                ___end__
ffffffff                ___etext__
ffffffff                ___pinit__
ffffffff                ___text__
000202cc                __args_main
            00002a66    __cleanup_ptr
            00002a68    __dtors_ptr
            00002a62    __lock
00020399                __nop
00020391                __register_lock
00020389                __register_unlock
            00000060    __stack
            00001060    __sysstack
            00002a64    __unlock
0002039b                _abort
00020000                _amp
0002027f                _auto_init
            00001860    _autocor
00020355                _c_int00
00020165                _copytoauto
            00002860    _derivative
00020317                _exit
            00002a80    _hamming
0002021a                _main
000200bd                _max
0002019d                _max_index_auto
00020153                _maxf
0002006f                _okno
            00002060    _result
0002021c                _sqrt_16
ffffffff                binit
            00020000    cinit
ffffffff                edata
ffffffff                end
ffffffff                etext
ffffffff                pinit


GLOBAL SYMBOLS: SORTED BY Symbol Address 

abs. value/
byte addr   word addr   name
---------   ---------   ----
00000001                $TI_capability_requires_rev3
00000001                __TI_args_main
00000002                $TI_capability$C5500$CallingConvention
00000002                $TI_capability$C5500$MemoryModel
            00000060    __stack
00001000                __SYSSTACK_SIZE
00002000                __STACK_SIZE
            00001060    __STACK_END
            00001060    __sysstack
            00001860    _autocor
            00002060    _result
            00002860    _derivative
            00002a62    __lock
            00002a64    __unlock
            00002a66    __cleanup_ptr
            00002a68    __dtors_ptr
            00002a80    _hamming
            00003280    SqrtTable
00020000                _amp
0002006f                _okno
000200bd                _max
00020153                _maxf
00020165                _copytoauto
0002019d                _max_index_auto
0002021a                _main
0002021c                _sqrt_16
0002027f                _auto_init
000202cc                __args_main
00020317                _exit
00020355                _c_int00
00020389                __register_unlock
00020391                __register_lock
00020399                __nop
0002039b                _abort
0002039c                C$$EXIT
            00020000    ___cinit__
            00020000    cinit
0004fe00                _Reset
ffffffff                .bss
ffffffff                .data
ffffffff                .text
ffffffff                ___binit__
ffffffff                ___bss__
ffffffff                ___c_args__
ffffffff                ___data__
ffffffff                ___edata__
ffffffff                ___end__
ffffffff                ___etext__
ffffffff                ___pinit__
ffffffff                ___text__
ffffffff                binit
ffffffff                edata
ffffffff                end
ffffffff                etext
ffffffff                pinit

[55 symbols]
