******************************************************************************
              TMS320C55x Linker PC v4.4.1                      
******************************************************************************
>> Linked Wed May 27 22:18:57 2020

OUTPUT FILE NAME:   <zps3.out>
ENTRY POINT SYMBOL: "_c_int00"  address: 000206e4


MEMORY CONFIGURATION

         name            origin    length      used     unused   attr    fill
                        (bytes)   (bytes)    (bytes)   (bytes)
----------------------  --------  ---------  --------  --------  ----  --------
PAGE 0:
  MMR                   00000000   000000c0  00000000  000000c0  RWIX
  DARAM0                000000c0   0000ff40  00007c32  0000830e  RWIX
  SARAM0                00010000   00010000  00000000  00010000  RWIX
  SARAM1                00020000   00020000  00000734  0001f8cc  RWIX
  SARAM2                00040000   0000fe00  0000002a  0000fdd6  RWIX
  VECS                  0004fe00   00000200  00000100  00000100  RWIX
  PDROM                 00ff8000   00008000  00000000  00008000  R IX

PAGE 2:
  IOPORT                00000000   00020000  00000000  00020000  RWI 


SECTION ALLOCATION MAP
(Addresses surrounded by []'s are displayed for convenience only!)

output                                                          attributes/
section   page  orgn(bytes) orgn(words) len(bytes) len(words)   input sections
--------  ----  ----------- ----------- ---------- ----------   --------------
.pinit       0   [ 00040000 ]  00020000          *   00000000   UNINITIALIZED

.stack       0   [ 000000c0 ]  00000060          *   00001000   UNINITIALIZED
                 [ 000000c0 ]  00000060          *   00001000   --HOLE--

.data        0   [ 000000c0 ]  00000060          *   00000000   UNINITIALIZED

.sysstack 
*            0   [ 000020c0 ]  00001060          *   00000800   UNINITIALIZED
                 [ 000020c0 ]  00001060          *   00000800   --HOLE--

.bss.1       0   [ 000030c0 ]  00001860          *   00000008   UNINITIALIZED
                 [ 000030c0 ]  00001860          *   00000004   rts55x.lib : _lock.obj (.bss)
                 [ 000030c8 ]  00001864          *   00000004              : exit.obj (.bss)

.const       0   [ 00003100 ]  00001880          *   00001410   
                 [ 00003100 ]  00001880          *   00000800   main.obj (.const:_hamming)
                 [ 00004100 ]  00002080          *   00000800   main.obj (.const:_testsignal)
                 [ 00005100 ]  00002880          *   00000400   55xdspx_r3.lib : twiddle.obj (.const:twiddle)
                 [ 00005900 ]  00002c80          *   00000010                  : sqrtv.obj (.const)

.bss.2       0   [ 00005920 ]  00002c90          *   00001201   UNINITIALIZED
                 [ 00005920 ]  00002c90          *   00001201   main.obj (.bss)

.text        0     00020000  [ 00010000 ] 00000734          *   
                   00020000  [ 00010000 ] 00000275          *   main.obj (.text)
                   00020275  [ 0001013a+] 000001d3          *   55xdspx_r3.lib : cfft_scale.obj (.text)
                   00020448  [ 00010224 ] 000000d6          *                  : cbrev.obj (.text)
                   0002051e  [ 0001028f ] 0000008d          *                  : unpack.obj (.text)
                   000205ab  [ 000102d5+] 00000063          *                  : sqrtv.obj (.text)
                   0002060e  [ 00010307 ] 0000004d          *   rts55x.lib : autoinit.obj (.text)
                   0002065b  [ 0001032d+] 0000004b          *              : args_main.obj (.text)
                   000206a6  [ 00010353 ] 0000003e          *              : exit.obj (.text)
                   000206e4  [ 00010372 ] 00000034          *              : boot.obj (.text)
                   00020718  [ 0001038c ] 00000012          *              : _lock.obj (.text)
                   0002072a  [ 00010395 ] 00000007          *              : exit.obj (.text:CIO_breakpoint)
                   00020731  [ 00010398+] 00000002          *              : vectors.obj (.text)
                   00020733  [ 00010399 ] 00000001          *   --HOLE-- [fill = 20]

.cinit       0   [ 00040000 ]  00020000          *   00000015   
                 [ 00040000 ]  00020000          *   0000000a   rts55x.lib : _lock.obj (.cinit)
                 [ 00040014 ]  0002000a          *   0000000a              : exit.obj (.cinit)
                 [ 00040028 ]  00020014          *   00000001   --HOLE-- [fill = 0]

vectors      0     0004fe00  [ 00027f00 ] 00000100          *   
                   0004fe00  [ 00027f00 ] 00000100          *   rts55x.lib : vectors.obj (vectors)


GLOBAL SYMBOLS: SORTED ALPHABETICALLY BY Name 

abs. value/
byte addr   word addr   name
---------   ---------   ----
00000002                $TI_capability$C5500$CallingConvention
00000002                $TI_capability$C5500$MemoryModel
00000001                $TI_capability_requires_rev3
ffffffff                .bss
ffffffff                .data
ffffffff                .text
0002072b                C$$EXIT
            00002c80    SqrtTable
0004fe00                _Reset
            00001060    __STACK_END
00002000                __STACK_SIZE
00001000                __SYSSTACK_SIZE
00000001                __TI_args_main
ffffffff                ___binit__
ffffffff                ___bss__
ffffffff                ___c_args__
            00020000    ___cinit__
ffffffff                ___data__
ffffffff                ___edata__
ffffffff                ___end__
ffffffff                ___etext__
ffffffff                ___pinit__
ffffffff                ___text__
0002065b                __args_main
            00001864    __cleanup_ptr
            00001866    __dtors_ptr
            00001860    __lock
00020728                __nop
00020720                __register_lock
00020718                __register_unlock
            00000060    __stack
            00001060    __sysstack
            00001862    __unlock
0002072a                _abort
00020000                _amp
0002060e                _auto_init
            00002c90    _autocor
000206e4                _c_int00
00020448                _cbrev
00020275                _cfft_SCALE
00020165                _copytoauto
            00003c90    _derivative
000206a6                _exit
            00001880    _hamming
0002021a                _main
000200bd                _max
0002019d                _max_index_auto
00020153                _maxf
0002006f                _okno
            00003490    _result
000205ab                _sqrt_16
            00002080    _testsignal
0002051e                _unpack
ffffffff                binit
            00020000    cinit
ffffffff                edata
ffffffff                end
ffffffff                etext
ffffffff                pinit
            00002880    twiddle


GLOBAL SYMBOLS: SORTED BY Symbol Address 

abs. value/
byte addr   word addr   name
---------   ---------   ----
00000001                $TI_capability_requires_rev3
00000001                __TI_args_main
00000002                $TI_capability$C5500$CallingConvention
00000002                $TI_capability$C5500$MemoryModel
            00000060    __stack
00001000                __SYSSTACK_SIZE
00002000                __STACK_SIZE
            00001060    __STACK_END
            00001060    __sysstack
            00001860    __lock
            00001862    __unlock
            00001864    __cleanup_ptr
            00001866    __dtors_ptr
            00001880    _hamming
            00002080    _testsignal
            00002880    twiddle
            00002c80    SqrtTable
            00002c90    _autocor
            00003490    _result
            00003c90    _derivative
00020000                _amp
0002006f                _okno
000200bd                _max
00020153                _maxf
00020165                _copytoauto
0002019d                _max_index_auto
0002021a                _main
00020275                _cfft_SCALE
00020448                _cbrev
0002051e                _unpack
000205ab                _sqrt_16
0002060e                _auto_init
0002065b                __args_main
000206a6                _exit
000206e4                _c_int00
00020718                __register_unlock
00020720                __register_lock
00020728                __nop
0002072a                _abort
0002072b                C$$EXIT
            00020000    ___cinit__
            00020000    cinit
0004fe00                _Reset
ffffffff                .bss
ffffffff                .data
ffffffff                .text
ffffffff                ___binit__
ffffffff                ___bss__
ffffffff                ___c_args__
ffffffff                ___data__
ffffffff                ___edata__
ffffffff                ___end__
ffffffff                ___etext__
ffffffff                ___pinit__
ffffffff                ___text__
ffffffff                binit
ffffffff                edata
ffffffff                end
ffffffff                etext
ffffffff                pinit

[60 symbols]
